  Determining projects to restore...
  All projects are up-to-date for restore.
C:\Work\Nicety\Projects\Viz2d\Documentation\DocGenerator.cs(18,16): warning CS8618: Non-nullable field '_summaries' must contain a non-null value when exiting constructor. Consider adding the 'required' modifier or declaring the field as nullable. [C:\Work\Nicety\Projects\Viz2d\Code2Viz_1ay131aw_wpftmp.csproj]
C:\Work\Nicety\Projects\Viz2d\Documentation\DocGenerator.cs(18,16): warning CS8618: Non-nullable field '_fsharpSamples' must contain a non-null value when exiting constructor. Consider adding the 'required' modifier or declaring the field as nullable. [C:\Work\Nicety\Projects\Viz2d\Code2Viz_1ay131aw_wpftmp.csproj]
C:\Work\Nicety\Projects\Viz2d\Documentation\DocGenerator.cs(18,16): warning CS8618: Non-nullable field '_csharpSamples' must contain a non-null value when exiting constructor. Consider adding the 'required' modifier or declaring the field as nullable. [C:\Work\Nicety\Projects\Viz2d\Code2Viz_1ay131aw_wpftmp.csproj]
C:\Work\Nicety\Projects\Viz2d\ExportOptionsWindow.xaml.cs(39,34): warning CS8625: Cannot convert null literal to non-nullable reference type. [C:\Work\Nicety\Projects\Viz2d\Code2Viz_1ay131aw_wpftmp.csproj]
C:\Work\Nicety\Projects\Viz2d\Documentation\DocGenerator.cs(105,17): warning CS8602: Dereference of a possibly null reference. [C:\Work\Nicety\Projects\Viz2d\Code2Viz_1ay131aw_wpftmp.csproj]
C:\Work\Nicety\Projects\Viz2d\Documentation\DocGenerator.cs(341,17): warning CS8602: Dereference of a possibly null reference. [C:\Work\Nicety\Projects\Viz2d\Code2Viz_1ay131aw_wpftmp.csproj]
C:\Work\Nicety\Projects\Viz2d\Documentation\DocGenerator.cs(424,31): warning CS8602: Dereference of a possibly null reference. [C:\Work\Nicety\Projects\Viz2d\Code2Viz_1ay131aw_wpftmp.csproj]
C:\Work\Nicety\Projects\Viz2d\Documentation\DocGenerator.cs(18,16): warning CS8618: Non-nullable field '_summaries' must contain a non-null value when exiting constructor. Consider adding the 'required' modifier or declaring the field as nullable. [C:\Work\Nicety\Projects\Viz2d\Code2Viz.csproj]
C:\Work\Nicety\Projects\Viz2d\Documentation\DocGenerator.cs(18,16): warning CS8618: Non-nullable field '_fsharpSamples' must contain a non-null value when exiting constructor. Consider adding the 'required' modifier or declaring the field as nullable. [C:\Work\Nicety\Projects\Viz2d\Code2Viz.csproj]
C:\Work\Nicety\Projects\Viz2d\Documentation\DocGenerator.cs(18,16): warning CS8618: Non-nullable field '_csharpSamples' must contain a non-null value when exiting constructor. Consider adding the 'required' modifier or declaring the field as nullable. [C:\Work\Nicety\Projects\Viz2d\Code2Viz.csproj]
C:\Work\Nicety\Projects\Viz2d\Documentation\DocGenerator.cs(105,17): warning CS8602: Dereference of a possibly null reference. [C:\Work\Nicety\Projects\Viz2d\Code2Viz.csproj]
C:\Work\Nicety\Projects\Viz2d\ExportOptionsWindow.xaml.cs(39,34): warning CS8625: Cannot convert null literal to non-nullable reference type. [C:\Work\Nicety\Projects\Viz2d\Code2Viz.csproj]
C:\Work\Nicety\Projects\Viz2d\Documentation\DocGenerator.cs(341,17): warning CS8602: Dereference of a possibly null reference. [C:\Work\Nicety\Projects\Viz2d\Code2Viz.csproj]
C:\Work\Nicety\Projects\Viz2d\Documentation\DocGenerator.cs(424,31): warning CS8602: Dereference of a possibly null reference. [C:\Work\Nicety\Projects\Viz2d\Code2Viz.csproj]
  Code2Viz -> C:\Work\Nicety\Projects\Viz2d\bin\Debug\net9.0-windows\Code2Viz.dll

Build succeeded.

C:\Work\Nicety\Projects\Viz2d\Documentation\DocGenerator.cs(18,16): warning CS8618: Non-nullable field '_summaries' must contain a non-null value when exiting constructor. Consider adding the 'required' modifier or declaring the field as nullable. [C:\Work\Nicety\Projects\Viz2d\Code2Viz_1ay131aw_wpftmp.csproj]
C:\Work\Nicety\Projects\Viz2d\Documentation\DocGenerator.cs(18,16): warning CS8618: Non-nullable field '_fsharpSamples' must contain a non-null value when exiting constructor. Consider adding the 'required' modifier or declaring the field as nullable. [C:\Work\Nicety\Projects\Viz2d\Code2Viz_1ay131aw_wpftmp.csproj]
C:\Work\Nicety\Projects\Viz2d\Documentation\DocGenerator.cs(18,16): warning CS8618: Non-nullable field '_csharpSamples' must contain a non-null value when exiting constructor. Consider adding the 'required' modifier or declaring the field as nullable. [C:\Work\Nicety\Projects\Viz2d\Code2Viz_1ay131aw_wpftmp.csproj]
C:\Work\Nicety\Projects\Viz2d\ExportOptionsWindow.xaml.cs(39,34): warning CS8625: Cannot convert null literal to non-nullable reference type. [C:\Work\Nicety\Projects\Viz2d\Code2Viz_1ay131aw_wpftmp.csproj]
C:\Work\Nicety\Projects\Viz2d\Documentation\DocGenerator.cs(105,17): warning CS8602: Dereference of a possibly null reference. [C:\Work\Nicety\Projects\Viz2d\Code2Viz_1ay131aw_wpftmp.csproj]
C:\Work\Nicety\Projects\Viz2d\Documentation\DocGenerator.cs(341,17): warning CS8602: Dereference of a possibly null reference. [C:\Work\Nicety\Projects\Viz2d\Code2Viz_1ay131aw_wpftmp.csproj]
C:\Work\Nicety\Projects\Viz2d\Documentation\DocGenerator.cs(424,31): warning CS8602: Dereference of a possibly null reference. [C:\Work\Nicety\Projects\Viz2d\Code2Viz_1ay131aw_wpftmp.csproj]
C:\Work\Nicety\Projects\Viz2d\Documentation\DocGenerator.cs(18,16): warning CS8618: Non-nullable field '_summaries' must contain a non-null value when exiting constructor. Consider adding the 'required' modifier or declaring the field as nullable. [C:\Work\Nicety\Projects\Viz2d\Code2Viz.csproj]
C:\Work\Nicety\Projects\Viz2d\Documentation\DocGenerator.cs(18,16): warning CS8618: Non-nullable field '_fsharpSamples' must contain a non-null value when exiting constructor. Consider adding the 'required' modifier or declaring the field as nullable. [C:\Work\Nicety\Projects\Viz2d\Code2Viz.csproj]
C:\Work\Nicety\Projects\Viz2d\Documentation\DocGenerator.cs(18,16): warning CS8618: Non-nullable field '_csharpSamples' must contain a non-null value when exiting constructor. Consider adding the 'required' modifier or declaring the field as nullable. [C:\Work\Nicety\Projects\Viz2d\Code2Viz.csproj]
C:\Work\Nicety\Projects\Viz2d\Documentation\DocGenerator.cs(105,17): warning CS8602: Dereference of a possibly null reference. [C:\Work\Nicety\Projects\Viz2d\Code2Viz.csproj]
C:\Work\Nicety\Projects\Viz2d\ExportOptionsWindow.xaml.cs(39,34): warning CS8625: Cannot convert null literal to non-nullable reference type. [C:\Work\Nicety\Projects\Viz2d\Code2Viz.csproj]
C:\Work\Nicety\Projects\Viz2d\Documentation\DocGenerator.cs(341,17): warning CS8602: Dereference of a possibly null reference. [C:\Work\Nicety\Projects\Viz2d\Code2Viz.csproj]
C:\Work\Nicety\Projects\Viz2d\Documentation\DocGenerator.cs(424,31): warning CS8602: Dereference of a possibly null reference. [C:\Work\Nicety\Projects\Viz2d\Code2Viz.csproj]
    14 Warning(s)
    0 Error(s)

Time Elapsed 00:00:03.44
